// Jest Snapshot v1, https://goo.gl/fbAQLP

exports[`<Badge /> should match snapshot with label 1`] = `
<span
  class="root sizeScale2 alignLeft root neutral"
>
  Hello World!
</span>
`;
