// Jest Snapshot v1, https://goo.gl/fbAQLP

exports[`<Positioner /> should match snapshot 1`] = `
<body>
  <div />
  <div
    aria-hidden="false"
    class="reset_block__6swfds3 useBoxStyles_position_fixed__7o6k06dn Positioner_root__lgdvlw0"
  >
    Some body
  </div>
</body>
`;
