// Jest Snapshot v1, https://goo.gl/fbAQLP

exports[`<ProgressBar /> should match the snapshot 1`] = `
<div
  class="root"
>
  <div
    class="bar green"
    style="width: 0%;"
  />
</div>
`;
